@aplusk B-NP
http://www.youtube.com/watch?v=eLMui7zBiXo I-NP
we B-NP
beat I-NP
kilkenny I-NP
after B-PP
they B-NP
beat I-NP
us I-NP
for B-PP
the B-NP
last I-NP
4 I-NP
years I-NP
in B-PP
the B-NP
hurling I-NP
. O
Woo B-NP
!!! O

I B-NP
'm B-VP
donning I-VP
my B-NP
Santa I-NP
hat I-NP
!: I-NP
It B-NP
's B-NP
November I-NP
and O
almost B-NP
Thanksgiving I-NP
... O
so B-SBAR
you B-NP
know B-VP
what B-NP
that B-NP
means I-NP
, O
right B-ADVP
? O
Mum B-NP
and O
I B-NP
... O
http://bit.ly/9uTYHJ O

@sweet_clockwork O
lmao B-INTJ
! O
okay B-VP
then B-ADVP
:o I-ADVP
) O
im B-NP
baking I-NP
it B-NP
tonight B-NP
, O
so B-ADVP
'll B-VP
hit I-VP
you B-NP
up B-PRT
tomorrow B-NP
and O
see B-VP
about B-PP
getting B-VP
you B-NP
some B-NP
yummies I-NP
!! O
&lt; B-INTJ
3 I-INTJ

( O
Community B-NP
) I-NP
New I-NP
book I-NP
blogger I-NP
@GennaSarnak I-NP
launches I-NP
weekly I-NP
feature I-NP
, O
Poetry B-NP
Sunday I-NP
: O
http://tinyurl.com/47vbdy5 B-NP
#Books I-NP
#Poetry O

Haha B-INTJ
I B-NP
seen I-NP
a B-NP
ped I-NP
egg I-NP
called B-VP
a B-NP
foot I-NP
cheese I-NP
grater I-NP
today B-NP
. O
I B-NP
found I-NP
it B-NP
proper I-NP
hilarious I-NP
xD B-INTJ

@Zerinaakers B-NP
talking I-NP
about B-PP
as B-ADVP
far I-ADVP
as B-SBAR
shooting B-NP
for B-PP
location B-NP
its B-NP
going I-NP
to B-VP
be I-VP
on B-PP
#Vh1 B-NP
so I-NP
by B-PP
the B-NP
end I-NP
of B-PP
the B-NP
month I-NP
i B-NP
should B-VP
know I-VP
something B-NP

I B-NP
've B-VP
just B-ADVP
watched B-NP
first I-NP
four B-NP
episodes I-NP
of B-PP
K-On B-NP
for B-PP
the B-NP
first I-NP
time I-NP
! O
: O
3 B-INTJ

its B-NP
barely I-NP
a B-NP
new I-NP
year I-NP
and O
i B-NP
feel I-NP
like B-PP
ive B-NP
already B-ADVP
stuffed B-NP
things I-NP
up B-PRT
! O
:( B-INTJ

@michaelringer24 B-NP
yeah I-NP
when B-ADVP
i B-NP
got B-VP
caught I-VP
up B-PRT
a B-NP
year I-NP
ago B-ADVP
... O
you B-NP
can B-VP
prolly B-NP
stay I-NP
with B-PP
us B-NP
.. O
im B-NP
stayin I-NP
with B-PP
lexis B-NP
on B-PP
the B-NP
pull B-VP
out B-PRT
, O
you B-NP
cn I-NP
prolly O

@elbirth B-NP
haha I-NP
, O
I B-NP
want B-VP
to I-VP
load B-NP
up B-PRT
on B-PP
that B-NP
before B-PP
work B-NP
one I-NP
day I-NP

Foto B-NP
Feb I-NP
6 I-NP
: O
St B-NP
Luke I-NP
's B-VP
http://wp.me/pqLtw-lN O

going B-VP
now B-ADVP
guiseeeee I-ADVP
... O
if B-SBAR
i B-NP
dont B-VP
see I-VP
you B-NP
through B-PP
the B-NP
week I-NP
ill B-VP
see I-VP
you B-NP
through B-PP
the B-NP
window I-NP
:) B-INTJ
:) B-INTJ

Dierks B-NP
Bentley I-NP
Admits I-NP
He B-NP
Snuck I-NP
Into I-NP
Grand I-NP
Ole I-NP
Opry I-NP
Before B-PP
He B-NP
Made I-NP
It B-NP
Big I-NP
: O
Just B-NP
days I-NP
after B-PP
join B-NP
... O
http://bit.ly/9LJLHE O

RT O
@PLLGirls B-NP
: O
Episodes B-NP
1-10 I-NP
of B-PP
Pretty B-NP
Little I-NP
Liars I-NP
will B-VP
air I-VP
in B-PP
the B-NP
UK I-NP
on B-PP
October B-NP
18 I-NP
! O

@SnoopDogg B-NP
hey I-NP
snoop I-NP
my B-NP
wife I-NP
Cath I-NP
is B-VP
30 I-VP
today B-NP
, O
any B-NP
chance I-NP
of B-PP
a B-NP
shout I-NP
out B-PRT
to B-PP
her B-NP
, O

St B-NP
Louis I-NP
: O
APR B-NP
Chocolate I-NP
Toy I-NP
Poodle I-NP
Pups I-NP
- O
$300 B-NP
( O
Liberty B-NP
) O
http://bit.ly/bHftHD B-NP
#eBC I-NP
#Pets O

... O
asked B-VP
me B-NP
a B-NP
question I-NP
for B-PP
once B-NP
, O
but O
no B-NP
! O
You B-NP
ask I-NP
me B-NP
about B-PP
fucking B-NP
donuts I-NP
you B-NP
donut I-NP
... O
have B-VP
a B-NP
nice I-NP
day I-NP
:P B-INTJ

@DIYSara O
maybe B-ADVP
your B-NP
leftovers I-NP
:) B-INTJ
we B-NP
were I-NP
covered I-NP
in B-PP
ice B-NP
all B-NP
day I-NP
Friday I-NP
, O
no B-NP
power I-NP
most I-NP
of B-PP
the B-NP
day I-NP
and O
all B-NP
gone I-NP
by B-PP
Sat B-NP
. O
evening O

@_mistercory B-NP
*Smiles I-NP
up B-PRT
at B-PP
him* B-NP
Can I-NP
we B-NP
just B-ADVP
... O
sit B-NP
together I-NP
for B-PP
a B-NP
while I-NP
before B-PP
round B-NP
two I-NP
? O

@RheaFayeB B-NP
yaaaayyy I-NP
!!!!! I-NP
Same I-NP
to B-PP
you B-NP
rhea I-NP
!!!!! O
This B-NP
year I-NP
reeks I-NP
epic-ism I-NP
all B-NP
over I-NP
!!! O
Be B-VP
sure B-ADJP
to B-VP
ride I-VP
that B-NP
epic I-NP
wave I-NP
;) B-INTJ

RT O
@bieberarmy B-NP
: O
@LilTwist B-NP
Yeah I-NP
if B-SBAR
I B-NP
were I-NP
you B-NP
I'd I-NP
sleep I-NP
with B-PP
one B-NP
eye I-NP
open I-NP
... O
considering B-NP
@justinbieber I-NP
slapped I-NP
@itsryanbutler I-NP
when B-ADVP
he B-NP
was B-VP
... O

Personal B-NP
Twitter I-NP
is B-VP
now B-ADVP
ago I-ADVP
. O
People B-NP
can B-VP
now B-ADVP
keep B-NP
track I-NP
of B-PP
me B-NP
instead I-NP
of B-PP
just B-ADVP
my B-NP
films I-NP
and O
production B-NP
company I-NP
. O

This B-NP
is B-VP
the B-NP
2nd I-NP
hospital I-NP
ive B-VP
been I-VP
in B-PP
today B-NP
, O
but O
ive B-NP
just B-ADVP
seen B-VP
a B-NP
doctor I-NP
who B-NP
was B-VP
an B-NP
older I-NP
version I-NP
of B-PP
justin B-NP
:' I-NP
) O

@FirstLadyEve B-VP
have I-VP
a B-NP
dating I-NP
show I-NP
with B-PP
@ogochocinco B-NP
evry I-NP
week I-NP
'll B-VP
compete I-VP
with B-PP
sum B-NP
hawt I-NP
dude I-NP
2 I-NP
keep I-NP
ur B-NP
intrest I-NP
like B-PP
@willdemps B-NP
my$ I-NP
on B-PP
will B-VP

It B-NP
might I-NP
just B-VP
be I-VP
me B-NP
but O
when B-ADVP
males B-NP
text I-NP
" O
K B-NP
" I-NP
or I-NP
cross I-NP
there B-NP
legs I-NP
while I-NP
sitting I-NP
ai B-VP
n't I-VP
cool B-ADJP
wit B-PP
me B-NP
. O

@GuardWifeL B-NP
@TiffanyGreen48 I-NP
I B-NP
've B-VP
already B-ADVP
#ff'ed B-VP
her B-NP
she B-NP
's B-VP
not I-VP
worthy B-NP
of B-PP
two B-NP
in B-PP
one B-NP
day I-NP
! O
Lol B-INTJ

it B-NP
was B-VP
half B-NP
past I-NP
8 I-NP
when B-ADVP
the B-NP
drugs I-NP
began I-NP
to B-PP
take B-NP
hold I-NP
.... O

when B-ADVP
does B-VP
skins B-NP
start I-NP
? O

Antick B-NP
Musings I-NP
post I-NP
: O
Reviewing B-SBAR
the B-NP
Mail I-NP
: O
Week B-VP
of B-PP
10/2 B-NP
http://bit.ly/9PIm5E I-NP

The B-NP
Town I-NP
might B-VP
be I-VP
one B-NP
of B-PP
the B-NP
best I-NP
movies I-NP
I B-NP
have B-VP
seen I-VP
all B-NP
year I-NP
. O
So B-ADJP
, O
so B-ADJP
good I-ADJP
. O
And O
do B-VP
n't I-VP
worry B-NP
Ben I-NP
, O
we B-NP
already B-ADVP
forgave B-VP
you B-NP
for B-PP
Gigli B-NP
. O
Really B-ADVP
. O

@MakethisRalate B-NP
good I-NP
luck I-NP
at B-PP
Elliot B-NP
Miner I-NP
:D B-INTJ
yous B-NP
were I-NP
greaaaat I-NP
tonight B-NP
&lt; O
3 B-NP
xx I-NP

Is B-NP
Joaquin I-NP
Phoenix I-NP
Our B-NP
Modern I-NP
Day I-NP
Andy I-NP
Kaufman I-NP
?: I-NP
... O
the B-NP
bizarre I-NP
events I-NP
leading B-VP
up B-PRT
to B-PP
this B-NP
moment I-NP
, O
the B-NP
movie I-NP
could B-VP
... O
http://bit.ly/aUZ2on O

Time B-NP
Warner I-NP
Cable I-NP
Boycotting I-NP
Epix I-NP
Movie I-NP
Channel I-NP
Because I-NP
It B-NP
Did I-NP
A B-NP
Deal I-NP
With I-NP
Netflix I-NP
http://dlvr.it/5RgcL O

And O
now B-ADVP
the B-NP
wait I-NP
til B-PP
the B-NP
games I-NP
get B-VP
started I-VP
for B-PP
the B-NP
day I-NP
. O

2 B-NP
Steps I-NP
Back I-NP
will B-VP
be I-VP
playing B-NP
at B-PP
Ugly B-NP
Mug I-NP
Live I-NP
on B-PP
08 B-NP
Jan I-NP
: O
http://schmap.it/ntidVT B-NP
( O
via B-NP
@THE_BertBerry I-NP
) O

Do B-VP
n't I-VP
miss I-VP
our B-NP
Half I-NP
Way I-NP
to B-PP
St B-NP
. O
Patty B-SBAR
's B-NP
Day I-NP
Party I-NP
Tonight I-NP
! O
We B-NP
're B-VP
having I-VP
crazy B-NP
drink I-NP
Specials B-NP
too I-NP
.. O
tex B-NP
980-333-3923 I-NP
to B-VP
get I-VP
on B-PP
the B-NP
guest I-NP
list I-NP
! O

RT O
@dropolo B-NP
Headed I-NP
to B-PP
da B-NP
gump I-NP
today B-NP
alabama I-NP
here B-ADVP
I B-NP
come B-VP
&lt; O
&lt; O
come B-VP
to I-VP
shut B-SBAR
it B-NP
down I-NP
broski I-NP
.. O
fuck B-VP
wit B-NP
me..Parlae I-NP
's B-VP
in B-PP
house B-NP
producer I-NP

RT O
@DIVINEDYNASTY B-NP
: O
RT O
@PLAIN_JAMES B-NP
: O
http://twitpic.com/3t0eng B-VP
- O
#THEREDROOM B-NP
FRI I-NP
03.18 I-NP
. O
11 B-NP
CALI'S I-NP
BDAY I-NP
BASH I-NP
FOR B-PP
PISCES/ARIES B-NP
DAY I-NP
1 I-NP
( O
cont B-NP
) O
... O

@Littlesapling B-NP
You I-NP
said B-VP
that B-SBAR
last B-NP
week I-NP
Ash I-NP
. O
I B-NP
think B-VP
you B-NP
need B-VP
a B-NP
12 I-NP
step I-NP
program I-NP
. O

Korean B-NP
War I-NP
spy I-NP
rivalries I-NP
persist I-NP
60 B-NP
years I-NP
later B-ADVP
: O
Far B-VP
be I-VP
it B-NP
that B-SBAR
the B-NP
week I-NP
should B-VP
pass I-VP
without B-NP
noting I-NP
that B-SBAR
it B-NP
was B-VP
60 B-NP
... O
http://bit.ly/cCjFBm O

@paulskemp B-NP
Sorry I-NP
to B-PP
hear B-NP
! O
:( B-INTJ
I B-NP
had B-VP
a B-NP
dog I-NP
for B-PP
14 B-NP
years I-NP
and O
it B-NP
was B-VP
really B-ADVP
tough B-VP
to I-VP
lose B-NP
him I-NP
. O
Tough B-NP
to B-VP
lose I-VP
my B-NP
second I-NP
one I-NP
too I-NP
. O

@SoccerByIves B-NP
Let I-NP
's B-VP
hope I-VP
the B-NP
Serie I-NP
A B-NP
continues I-NP
to B-VP
be I-VP
on B-PP
the B-NP
tv I-NP
schedule I-NP
next I-NP
week I-NP
. O
This B-NP
strike I-NP
has B-VP
fans I-VP
of B-PP
Calcio B-NP
worried I-NP
.... O

October B-NP
is B-VP
Breast B-NP
Cancer I-NP
Awareness I-NP
month I-NP
- O
a B-NP
portion I-NP
of B-PP
the B-NP
proceeds I-NP
from B-PP
purchase B-NP
of B-PP
this B-NP
beautiful I-NP
diamond I-NP
... O
http://fb.me/B680RuaH O

RT O
@JordanCenter B-NP
: O
LIL B-NP
WAYNE I-NP
/ I-NP
NICKI I-NP
MINAJ I-NP
- O
March B-NP
30 I-NP
- O
SOLD B-NP
OUT.....'nuff I-NP
said B-VP
. O

RT O
@Yale B-NP
: O
RT O
@YaleSOM B-NP
: O
Will B-NP
government I-NP
or I-NP
markets I-NP
finance I-NP
sustainability I-NP
? O
A B-NP
free I-NP
webinar I-NP
on B-PP
Oct B-NP
. O
6 B-NP
. O
http://bit.ly/YaleSOMwebinar O

I B-NP
have B-VP
eaten I-VP
a B-NP
large I-NP
quantity I-NP
of B-PP
oranges B-NP
this B-NP
week I-NP
... O

Today B-NP
's B-NP
cheer I-NP
went B-VP
from B-PP
awful B-NP
to B-VP
awesome B-ADJP
from B-PP
the B-NP
moment I-NP
I B-NP
realized I-NP
I B-NP
did B-VP
not O
have B-VP
class I-VP
today B-NP
. O

@snufflesgirl25 B-NP
@mo9x I-NP
Well I-NP
. O
just B-ADVP
beg B-NP
@100monkeysmusic I-NP
.. O
PLEASE B-NP
come B-VP
to I-VP
the B-NP
#SBLeurope I-NP
Next I-NP
year I-NP
!. I-NP
We B-NP
need B-VP
you B-NP
there B-ADVP
! O
*puss B-VP
in B-PP
boots B-NP
eyes* I-NP

Pretty B-NP
disappointed I-NP
in B-PP
the B-NP
brothers I-NP
tonight B-NP
... O
1 B-NP
. O
We B-NP
lost I-NP
jeopardy I-NP
and O
2 B-VP
. O
they B-NP
're B-VP
pissing I-VP
me B-NP
off I-NP
more I-NP
and O
more B-ADVP
each B-NP
day I-NP
. O

:) B-INTJ
RT O
@ashtondoyle B-NP
: O
I B-NP
am I-NP
a B-NP
total I-NP
dork I-NP
. O
But B-NP
having I-NP
Flipboard B-VP
up B-PRT
on B-PP
my B-NP
desk I-NP
all B-NP
day I-NP
makes B-VP
me B-NP
happy I-NP
. O
http://plixi.com/p/57934009 O

I B-NP
feel I-NP
like B-PP
a B-NP
trillion I-NP
bucks I-NP
! O
I B-NP
feel I-NP
like B-VP
breaking I-VP
a B-NP
record I-NP
tomorrow B-NP
... O
and O
i B-NP
will B-VP

THE B-NP
BONG I-NP
WENT I-NP
5-O I-NP
LAST I-NP
NIGHT I-NP
papers I-NP
not O
included B-VP

when B-ADVP
i B-NP
compliment I-NP
her B-NP
she I-NP
wo B-VP
n't I-VP
believe B-NP
mee I-NP
&lt; B-INTJ
3 I-INTJ

Gates O
: O
The B-NP
Sun I-NP
Will I-NP
Rise I-NP
... O
This B-NP
reminds I-NP
me B-NP
a B-NP
lot I-NP
of B-PP
Envy B-NP
and I-NP
CSTVT I-NP
but O
w/o B-SBAR
the B-NP
hardcore I-NP
elements I-NP
. O
Super B-NP
good I-NP
and O
free B-ADJP
: O
http://bit.ly/e8PhEI O

@lesanto B-VP
have I-VP
a B-NP
look I-NP
at B-PP
http://facebook.com/media14 B-NP
, O
there B-ADVP
are B-VP
postings I-VP
from B-PP
TechCrunch B-NP
and I-NP
Flowtown I-NP
that B-NP
may B-VP
help I-VP
#mobile O

@Loserface_Laura O
when B-ADVP
mike B-NP
lets I-NP
me B-NP
know B-VP
, O
I B-NP
will B-VP
let I-VP
you B-NP
know B-VP
. O
I B-NP
mean I-NP
everyone B-NP
might I-NP
just B-ADVP
switch B-VP
out B-PRT
a B-NP
lot I-NP
. O

AUTUMN B-NP
COMES I-NP
SATURDAY I-NP
&lt; B-INTJ
3 I-INTJ
!!! O

RT O
@kiera16_x B-NP
: O
#Twitition B-NP
HELP I-NP
us B-NP
meet I-NP
Justin I-NP
Bieber I-NP
on B-PP
November B-NP
6 I-NP
( O
: O
THANKYOU B-NP
http://twitition.com/oxm5g I-NP
@MariaMdn O

.... O
today B-NP
is B-VP
better B-ADJP
than B-PP
yesterday B-NP
, O
but O
I B-NP
hope B-VP
tomorrow B-NP
is B-VP
better B-ADJP
than B-PP
today B-NP
, O
because B-SBAR
today B-NP
still I-NP
somewhat I-NP
- O
SUCKS B-NP
. O

Not O
feeling B-VP
up B-PRT
to B-VP
par I-VP
today B-NP
. O
#stressing O

@DottyDizzot B-NP
oh I-NP
nice I-NP
, O
im B-NP
sdill I-NP
at B-PP
work B-NP
=( I-NP
but O
im B-NP
glad I-NP
it B-NP
's B-NP
Friday I-NP
today B-NP
=) I-NP

@BieberEgypt O
I B-NP
've B-VP
got I-VP
some B-NP
bad I-NP
news I-NP
, O
Yeah B-INTJ
I B-NP
cant I-NP
come B-VP
to I-VP
the B-NP
meeting I-NP
tomorrow B-NP
. O
: O
S O

@The_Messiah113 B-NP
177 I-NP
people B-NP
! O
: O
0 B-VP
lol B-INTJ
a B-NP
week I-NP
or O
what B-NP
? O

@IzzieZac B-NP
Told I-NP
you B-NP
!! O
:o B-NP
)) I-NP
When B-ADVP
's B-VP
she B-NP
back I-NP
again B-ADVP
? O

I B-NP
have B-VP
a B-NP
test I-NP
tomorrow B-NP
, O
im B-NP
going I-NP
to B-VP
say I-VP
" O
the B-NP
shore I-NP
was B-VP
on B-PP
, O
and O
preparation B-NP
took B-VP
all B-NP
day I-NP
". O

Volleyball B-NP
player I-NP
Stephanie I-NP
Rogers I-NP
and O
cross B-NP
country I-NP
runner I-NP
Matt I-NP
Brooker I-NP
named I-NP
Cedarville I-NP
SUBWAY I-NP
Athetes I-NP
of B-PP
the B-NP
Week I-NP
( O
9/26-10/2) O
. O

@lauraluanabeth O
'll B-VP
be I-VP
back B-ADVP
in B-PP
LA B-NP
tomorrow B-NP
night I-NP
! O
yaaaay B-NP
! O

the B-NP
tears I-NP
may B-VP
have I-VP
been I-VP
and O
gone B-VP
, O
but O
the B-NP
feeling I-NP
still B-ADVP
stay B-VP
the B-NP
same I-NP
. O

@magicsteacher B-NP
Anytime I-NP
penguin I-NP
, O
you B-NP
know B-VP
we B-NP
aquarians I-NP
are B-VP
the B-NP
best I-NP
read B-VP
http://www.astrology.com/aquarius-sun-sign-zodiac-signs/2-d-d-66917 O

RT O
@high_n_fly B-NP
: O
#FACT B-VP
when B-ADVP
you B-NP
are B-VP
comfortable I-VP
with B-PP
yourself B-NP
nothing I-NP
else I-NP
matters I-NP
nobody I-NP
can B-VP
tell I-VP
you B-NP
about B-PP
yourself B-NP
#HnF I-NP

i B-NP
want B-VP
a B-NP
bath I-NP
but O
do B-VP
n't I-VP
have I-VP
a B-NP
bath I-NP
, O
shut B-VP
up B-PRT
, O
sam B-NP
's B-VP
coming I-VP
tomorrow B-NP
and I-NP
steve I-NP
and O
tanya B-NP
will B-VP
be I-VP
round B-NP
at B-PP
10am B-NP
so I-NP
go B-VP
away B-ADVP
you B-NP
mean I-NP
people B-NP

RT O
@TheOutlawz B-NP
: O
EVERYBODY B-NP
WHO I-NP
WANT I-NP
A B-NP
FOLLOW I-NP
FROM B-PP
ME B-NP
FOR I-NP
FOLLOW I-NP
FRIDAY B-NP
LET I-NP
ME I-NP
KNOW I-NP
!! O
WE B-NP
AINT I-NP
LIKE I-NP
THESE I-NP
HOLLYWOOD I-NP
AZZ I-NP
RAPPERS I-NP
WE B-NP
FOLLOW I-NP
BACK I-NP
! O

I B-NP
'm B-VP
stressed I-VP
at B-PP
9am B-NP
, O
shopping B-VP
on B-PP
my B-NP
lunch I-NP
break I-NP
..... O
i B-NP
ca B-VP
n't I-VP
deal B-NP
w/ I-NP
this B-NP
shit I-NP
today B-NP
. O
#retailtherapy O

'll B-VP
be I-VP
wearing B-PP
my B-NP
Dr I-NP
. O
J B-NP
#6 I-NP
jersey I-NP
. O
Old B-NP
school I-NP
. O
RT O
@laurenreale B-NP
" I-NP
hmmm I-NP
... O
im B-NP
gonna B-VP
wear I-VP
my B-NP
@Sixers I-NP
jersey I-NP
tonight B-NP
...... I-NP
http://tl.gd/72egjj O

belles B-NP
mansion I-NP
4 I-NP
bday I-NP
dinner I-NP
. O
eventhough B-SBAR
its B-NP
a B-NP
day I-NP
early I-NP
. O
*N*I*K*K*I* O

gonna B-VP
watch I-VP
500 B-NP
days I-NP
of B-PP
summer B-NP
, O
and O
call B-VP
it B-NP
a B-NP
night I-NP
:\ O

DAVID B-NP
MARIL I-NP
: O
Cut B-SBAR
some B-NP
TV I-NP
channels I-NP
and O
let B-VP
me B-NP
buy I-NP
what B-NP
I B-NP
watch I-NP
: O
My B-NP
question I-NP
is B-VP
why B-ADVP
, O
when B-ADVP
we B-NP
purchase I-NP
cable I-NP
and O
sa B-NP
... O
http://bit.ly/fW3ByU O

RT O
@Kandi B-NP
: O
the B-NP
cast I-NP
of B-PP
Glee B-NP
doing I-NP
" I-NP
Bills I-NP
, O
Bills B-VP
, O
Bills B-NP
" I-NP
last B-NP
night I-NP
. O
heres B-SBAR
the B-NP
clip I-NP
http://www.youtube.com/watch?v=X_kWC4_aOdI__AND__feature=p I-NP
... O

